
                             _S:Mises (Avg: 75  _S:Mises (Avg: 75  _TEMP (Avg: 75p)   _TEMP (Avg: 75p) 
                             p) PI: PART-1-1 N  p) PI: PART-2-1 N  PI: PART-1-1 N: 2  PI: PART-2-1 N: 1
                  X               : 2071_1           : 1701_1            071_1              701_1      

                0.                 0.                 0.                 0.                 0.         
                1.                 0.                 1.03981E+09        0.               500.         
                1.                 0.                 1.03981E+09        0.               500.         
                1.00001            5.31435E+06        1.04364E+09        0.               499.995      
                1.00002           11.4186E+06         1.04537E+09        0.               499.99       
                1.00003           15.915E+06          1.04664E+09        0.               499.985      
                1.00005           16.2525E+06         1.04672E+09        0.               499.975          
                1.00008           16.2564E+06         1.04669E+09        0.               499.96       
                1.00014           16.2615E+06         1.04663E+09        0.               499.93       
                1.00026           16.2718E+06         1.04651E+09        0.               499.87            
                1.0005            16.2925E+06         1.04627E+09        0.               499.75       
                1.00098           16.3338E+06         1.04579E+09        0.               499.51         
                1.00194           16.4165E+06         1.04484E+09        0.               499.03       
                1.00386           16.5818E+06         1.04292E+09        0.               498.07            
                1.0077            16.9124E+06         1.03909E+09        0.               496.15          
                1.01538           17.5733E+06         1.03144E+09        0.               492.31             
                1.03074           18.8942E+06         1.01615E+09        0.               484.63       
                1.06146           21.5318E+06       985.61E+06           0.               469.27           
                1.1229            26.7911E+06       924.765E+06          0.               438.55       
                1.24578           40.398E+06        805.633E+06          0.               377.11       
                1.49154          110.551E+06        615.349E+06          0.               254.23             
                1.86018          220.696E+06        723.429E+06          0.                69.91       
                2.               262.455E+06        869.135E+06          0.                 0.         




