
                                                _S:Mises (Avg: 75
                             _U:U2 PI: SAMPLE-  p) PI: SAMPLE-1 N
                  X                1 N: 7              : 7       

                0.                 0.                 0.         
               10.E-03            18.75E-03         736.125E-06  
               20.E-03            37.5E-03            1.49722E-03
               35.E-03            65.625E-03          2.6902E-03 
               57.5E-03          107.812E-03          4.61095E-03
               91.25E-03         171.094E-03          7.8531E-03 
              141.875E-03        266.016E-03         13.8395E-03 
              217.812E-03        408.398E-03         27.2302E-03 
              317.812E-03        595.898E-03         65.4962E-03 
              417.812E-03        783.398E-03        175.373E-03  
              517.812E-03        970.898E-03        417.256E-03  
              617.812E-03          1.1584           795.487E-03  
              717.812E-03          1.3459             1.33971    
              817.812E-03          1.5334             2.13104    
              917.812E-03          1.7209             3.31901    
                1.                 1.875              4.77661    




