
                             _RF:RF2 PI: SAMPL  _U:U2 PI: SAMPLE-
                  X              E-1 N: 614          1 N: 614    

                0.                -0.                 0.         
               10.E-03            15.157             37.5E-03    
               20.E-03            30.2384            75.E-03     
               35.E-03            52.72             131.25E-03   
               57.5E-03           86.1315           215.625E-03  
               91.25E-03         135.565            342.188E-03  
              141.875E-03        208.231            532.031E-03  
              217.812E-03        314.055            816.797E-03  
              317.812E-03        448.005              1.1918     
              417.812E-03        576.319              1.5668     
              517.812E-03        699.503              1.9418     
              617.812E-03        818.027              2.3168     
              717.812E-03        932.357              2.6918     
              817.812E-03          1.04291E+03        3.0668     
              917.812E-03          1.15018E+03        3.4418     
                1.                 1.23615E+03        3.75       




